[icon-proxy] Checking for exports in directory: C:\Users\tom12\OneDrive\Escritorio\sistema-de-inve-file-main\node_modules\@phosphor-icons\react
[icon-proxy] Found package file: C:\Users\tom12\OneDrive\Escritorio\sistema-de-inve-file-main\node_modules\@phosphor-icons\react\dist\index.d.ts
[icon-proxy] Loaded 1514 exports from C:\Users\tom12\OneDrive\Escritorio\sistema-de-inve-file-main\node_modules\@phosphor-icons\react\dist\index.d.ts
[icon-proxy] Checking for exports in directory: C:\Users\tom12\OneDrive\Escritorio\sistema-de-inve-file-main\node_modules\@phosphor-icons\react
[icon-proxy] Found package file: C:\Users\tom12\OneDrive\Escritorio\sistema-de-inve-file-main\node_modules\@phosphor-icons\react\dist\index.d.ts
[icon-proxy] Loaded 1514 exports from C:\Users\tom12\OneDrive\Escritorio\sistema-de-inve-file-main\node_modules\@phosphor-icons\react\dist\index.d.ts
[36mvite v7.2.6 [32mbuilding client environment for production...[36m[39m
transforming...
[icon-proxy] Proxying non-existent icon: IconProps -> Question
Found 9 warnings while optimizing generated CSS:

Issue #1:
[2m│   .\!container {[22m
[2m│     width: 100% !important;[22m
[2m│[22m     @media (width >= (display-mode: standalone)) {
[2m┆[22m                     [33m[2m^--[22m Unexpected token ParenthesisBlock[39m
[2m┆[22m
[2m│       max-width: (display-mode: standalone) !important;[22m
[2m│     }[22m

Issue #2:
[2m│       max-width: (display-mode: standalone) !important;[22m
[2m│     }[22m
[2m│[22m     @media (width >= (pointer: coarse)) {
[2m┆[22m                     [33m[2m^--[22m Unexpected token ParenthesisBlock[39m
[2m┆[22m
[2m│       max-width: (pointer: coarse) !important;[22m
[2m│     }[22m

Issue #3:
[2m│       max-width: (pointer: coarse) !important;[22m
[2m│     }[22m
[2m│[22m     @media (width >= (pointer: fine)) {
[2m┆[22m                     [33m[2m^--[22m Unexpected token ParenthesisBlock[39m
[2m┆[22m
[2m│       max-width: (pointer: fine) !important;[22m
[2m│     }[22m

Issue #4:
[2m│   .container {[22m
[2m│     width: 100%;[22m
[2m│[22m     @media (width >= (display-mode: standalone)) {
[2m┆[22m                     [33m[2m^--[22m Unexpected token ParenthesisBlock[39m
[2m┆[22m
[2m│       max-width: (display-mode: standalone);[22m
[2m│     }[22m

Issue #5:
[2m│       max-width: (display-mode: standalone);[22m
[2m│     }[22m
[2m│[22m     @media (width >= (pointer: coarse)) {
[2m┆[22m                     [33m[2m^--[22m Unexpected token ParenthesisBlock[39m
[2m┆[22m
[2m│       max-width: (pointer: coarse);[22m
[2m│     }[22m

Issue #6:
[2m│       max-width: (pointer: coarse);[22m
[2m│     }[22m
[2m│[22m     @media (width >= (pointer: fine)) {
[2m┆[22m                     [33m[2m^--[22m Unexpected token ParenthesisBlock[39m
[2m┆[22m
[2m│       max-width: (pointer: fine);[22m
[2m│     }[22m

Issue #7:
[2m│   .container\! {[22m
[2m│     width: 100% !important;[22m
[2m│[22m     @media (width >= (display-mode: standalone)) {
[2m┆[22m                     [33m[2m^--[22m Unexpected token ParenthesisBlock[39m
[2m┆[22m
[2m│       max-width: (display-mode: standalone) !important;[22m
[2m│     }[22m

Issue #8:
[2m│       max-width: (display-mode: standalone) !important;[22m
[2m│     }[22m
[2m│[22m     @media (width >= (pointer: coarse)) {
[2m┆[22m                     [33m[2m^--[22m Unexpected token ParenthesisBlock[39m
[2m┆[22m
[2m│       max-width: (pointer: coarse) !important;[22m
[2m│     }[22m

Issue #9:
[2m│       max-width: (pointer: coarse) !important;[22m
[2m│     }[22m
[2m│[22m     @media (width >= (pointer: fine)) {
[2m┆[22m                     [33m[2m^--[22m Unexpected token ParenthesisBlock[39m
[2m┆[22m
[2m│       max-width: (pointer: fine) !important;[22m
[2m│     }[22m

[32m✓[39m 8295 modules transformed.
rendering chunks...
Emitted proxy files to build output
computing gzip size...
[2mdist/[22m[32mpackage.json                        [39m[1m[2m    0.26 kB[22m[1m[22m[2m │ gzip:   0.18 kB[22m
[2mdist/[22m[32mindex.html                          [39m[1m[2m    1.32 kB[22m[1m[22m[2m │ gzip:   0.63 kB[22m
[2mdist/[22m[32massets/icon-BJxPsUTS.svg            [39m[1m[2m    2.88 kB[22m[1m[22m[2m │ gzip:   0.86 kB[22m
[2mdist/[22m[32mproxy.js                            [39m[1m[2m1,572.78 kB[22m[1m[22m
[2mdist/[22m[35massets/SocialNetworks-BsOQkTUg.css  [39m[1m[2m    2.69 kB[22m[1m[22m[2m │ gzip:   0.84 kB[22m
[2mdist/[22m[35massets/index-Cmz2XZ9f.css           [39m[1m[2m  617.57 kB[22m[1m[22m[2m │ gzip: 106.94 kB[22m
[2mdist/[22m[36massets/vendor-radix-CttiZxwU.js     [39m[1m[2m    0.22 kB[22m[1m[22m[2m │ gzip:   0.17 kB[22m
[2mdist/[22m[36massets/checkbox-C8wkbNMQ.js         [39m[1m[2m    0.88 kB[22m[1m[22m[2m │ gzip:   0.46 kB[22m
[2mdist/[22m[36massets/SocialNetworks-XX-nB3JK.js   [39m[1m[2m    2.07 kB[22m[1m[22m[2m │ gzip:   0.62 kB[22m
[2mdist/[22m[36massets/JosimarLogo-C8ggtbvC.js      [39m[1m[2m    3.86 kB[22m[1m[22m[2m │ gzip:   1.35 kB[22m
[2mdist/[22m[36massets/Register-Bqgn5-2d.js         [39m[1m[2m    7.43 kB[22m[1m[22m[2m │ gzip:   2.28 kB[22m
[2mdist/[22m[36massets/purify.es-wzRpddGZ.js        [39m[1m[2m   22.72 kB[22m[1m[22m[2m │ gzip:   8.55 kB[22m
[2mdist/[22m[36massets/UserManagement-DRV4WgH8.js   [39m[1m[2m   27.76 kB[22m[1m[22m[2m │ gzip:   5.97 kB[22m
[2mdist/[22m[36massets/format-D-PYAV6I.js           [39m[1m[2m   28.96 kB[22m[1m[22m[2m │ gzip:   7.84 kB[22m
[2mdist/[22m[36massets/DailyClose-lt3sccgr.js       [39m[1m[2m   29.96 kB[22m[1m[22m[2m │ gzip:   8.25 kB[22m
[2mdist/[22m[36massets/OrdersPage-CoBpDd5V.js       [39m[1m[2m   56.50 kB[22m[1m[22m[2m │ gzip:  15.64 kB[22m
[2mdist/[22m[36massets/Dashboard-c7DbLDrD.js        [39m[1m[2m   65.60 kB[22m[1m[22m[2m │ gzip:  16.31 kB[22m
[2mdist/[22m[36massets/index-DaknyBHD.js            [39m[1m[2m   76.20 kB[22m[1m[22m[2m │ gzip:  22.72 kB[22m
[2mdist/[22m[36massets/vendor-motion-HcDLkE3D.js    [39m[1m[2m  117.01 kB[22m[1m[22m[2m │ gzip:  37.54 kB[22m
[2mdist/[22m[36massets/index.es-DvFA9dcI.js         [39m[1m[2m  156.00 kB[22m[1m[22m[2m │ gzip:  51.00 kB[22m
[2mdist/[22m[36massets/vendor-export-BqKGETc2.js    [39m[1m[33m  624.71 kB[39m[22m[2m │ gzip: 182.49 kB[22m
[2mdist/[22m[36massets/vendor-react-CKl37aSX.js     [39m[1m[33m  651.23 kB[39m[22m[2m │ gzip: 180.74 kB[22m
[33m
(!) Some chunks are larger than 500 kB after minification. Consider:
- Using dynamic import() to code-split the application
- Use build.rollupOptions.output.manualChunks to improve chunking: https://rollupjs.org/configuration-options/#output-manualchunks
- Adjust chunk size limit for this warning via build.chunkSizeWarningLimit.[39m
[32m✓ built in 43.90s[39m

[icon-proxy] Proxied imports:
  - "IconProps" -> "Question"
